AUDIT_THREADS 64
vecsize = 10000
vecdim = 17
level = 2
build HNSW index...10.00 % completed
build HNSW index...20.00 % completed
build HNSW index...30.00 % completed
build HNSW index...40.00 % completed
build HNSW index...50.00 % completed
build HNSW index...60.00 % completed
build HNSW index...70.00 % completed
build HNSW index...80.00 % completed
build HNSW index...90.00 % completed
Build base layer time:0.090685  seconds
PCA...
rotate matrix(OPQ)
permutate sub-codebooks
merging step
training time:24.8853  seconds
Level 0, build HVS index...10.00 % completed
Level 0, build HVS index...20.00 % completed
Level 0, build HVS index...30.00 % completed
Level 0, build HVS index...40.00 % completed
Level 0, build HVS index...50.00 % completed
Level 0, build HVS index...60.00 % completed
Level 0, build HVS index...70.00 % completed
Level 0, build HVS index...80.00 % completed
Level 0, build HVS index...90.00 % completed
Level 1, build HVS index...10.00 % completed
Level 1, build HVS index...20.00 % completed
Level 1, build HVS index...30.00 % completed
Level 1, build HVS index...40.00 % completed
Level 1, build HVS index...50.00 % completed
Level 1, build HVS index...60.00 % completed
Level 1, build HVS index...70.00 % completed
Level 1, build HVS index...80.00 % completed
Level 1, build HVS index...90.00 % completed
Build HVS layer time:0.170542  seconds
build top layer
Build time:31.4996  seconds
