AUDIT_THREADS 64
vecsize = 10000
vecdim = 32
level = 3
build HNSW index...10.00 % completed
build HNSW index...20.00 % completed
build HNSW index...30.00 % completed
build HNSW index...40.00 % completed
build HNSW index...50.00 % completed
build HNSW index...60.00 % completed
build HNSW index...70.00 % completed
build HNSW index...80.00 % completed
build HNSW index...90.00 % completed
Build base layer time:0.10974  seconds
PCA...
rotate matrix(OPQ)
permutate sub-codebooks
merging step
training time:104.245  seconds
Level 0, build HVS index...10.00 % completed
Level 0, build HVS index...20.00 % completed
Level 0, build HVS index...30.00 % completed
Level 0, build HVS index...40.00 % completed
Level 0, build HVS index...50.00 % completed
Level 0, build HVS index...60.00 % completed
Level 0, build HVS index...70.00 % completed
Level 0, build HVS index...80.00 % completed
Level 0, build HVS index...90.00 % completed
Level 1, build HVS index...10.00 % completed
Level 1, build HVS index...20.00 % completed
Level 1, build HVS index...30.00 % completed
Level 1, build HVS index...40.00 % completed
Level 1, build HVS index...50.00 % completed
Level 1, build HVS index...60.00 % completed
Level 1, build HVS index...70.00 % completed
Level 1, build HVS index...80.00 % completed
Level 1, build HVS index...90.00 % completed
Level 2, build HVS index...10.00 % completed
Level 2, build HVS index...20.00 % completed
Level 2, build HVS index...30.00 % completed
Level 2, build HVS index...40.00 % completed
Level 2, build HVS index...50.00 % completed
Level 2, build HVS index...60.00 % completed
Level 2, build HVS index...70.00 % completed
Level 2, build HVS index...80.00 % completed
Level 2, build HVS index...90.00 % completed
Build HVS layer time:0.250349  seconds
build top layer
Build time:111.502  seconds
