AUDIT_THREADS 64
vecsize = 10000
vecdim = 128
level = 2
build HNSW index...10.00 % completed
build HNSW index...20.00 % completed
build HNSW index...30.00 % completed
build HNSW index...40.00 % completed
build HNSW index...50.00 % completed
build HNSW index...60.00 % completed
build HNSW index...70.00 % completed
build HNSW index...80.00 % completed
build HNSW index...90.00 % completed
Build base layer time:0.14509  seconds
PCA...
rotate matrix(OPQ)
permutate sub-codebooks
merging step
training time:27.1987  seconds
Level 0, build HVS index...10.00 % completed
Level 0, build HVS index...20.00 % completed
Level 0, build HVS index...30.00 % completed
Level 0, build HVS index...40.00 % completed
Level 0, build HVS index...50.00 % completed
Level 0, build HVS index...60.00 % completed
Level 0, build HVS index...70.00 % completed
Level 0, build HVS index...80.00 % completed
Level 0, build HVS index...90.00 % completed
Level 1, build HVS index...9.99 % completed
Level 1, build HVS index...19.99 % completed
Level 1, build HVS index...29.98 % completed
Level 1, build HVS index...39.97 % completed
Level 1, build HVS index...49.96 % completed
Level 1, build HVS index...59.96 % completed
Level 1, build HVS index...69.95 % completed
Level 1, build HVS index...79.94 % completed
Level 1, build HVS index...89.94 % completed
Level 1, build HVS index...99.93 % completed
Build HVS layer time:0.139579  seconds
build top layer
Build time:33.5072  seconds
