vecsize = 1000000
vecdim = 128
level = 1
build HNSW index...10.00 % completed
build HNSW index...20.00 % completed
build HNSW index...30.00 % completed
build HNSW index...40.00 % completed
build HNSW index...50.00 % completed
build HNSW index...60.00 % completed
build HNSW index...70.00 % completed
build HNSW index...80.00 % completed
build HNSW index...90.00 % completed
Build base layer time:149.972544  seconds
PCA...
rotate matrix(OPQ)
permutate sub-codebooks
merging step
training time:6.63964  seconds
Level 0, build HVS index...10.00 % completed
Level 0, build HVS index...20.00 % completed
Level 0, build HVS index...30.00 % completed
Level 0, build HVS index...40.00 % completed
Level 0, build HVS index...50.00 % completed
Level 0, build HVS index...60.00 % completed
Level 0, build HVS index...70.00 % completed
Level 0, build HVS index...80.00 % completed
Level 0, build HVS index...90.00 % completed
Level 0, build HVS index...100.00 % completed
Build HVS layer time:49.823415999999995  seconds
build top layer
Build time:221.66831999999999  seconds
PERF {"kind":"build","variant":"upstream","build_api_s":223.08905776700001,"native_build_s":221.66828799999999,"build_threads":16}
